
  ╔════════════════════════════════════════════════════════════════════════════╗
  ║                 Welcome to Flutter! - https://flutter.dev                  ║
  ║                                                                            ║
  ║ The Flutter tool uses Google Analytics to anonymously report feature usage ║
  ║ statistics and basic crash reports. This data is used to help improve      ║
  ║ Flutter tools over time.                                                   ║
  ║                                                                            ║
  ║ Flutter tool analytics are not sent on the very first run. To disable      ║
  ║ reporting, type 'flutter config --no-analytics'. To display the current    ║
  ║ setting, type 'flutter config'. If you opt out of analytics, an opt-out    ║
  ║ event will be sent, and then no further information will be sent by the    ║
  ║ Flutter tool.                                                              ║
  ║                                                                            ║
  ║ By downloading the Flutter SDK, you agree to the Google Terms of Service.  ║
  ║ The Google Privacy Policy describes how data is handled in this service.   ║
  ║                                                                            ║
  ║ Moreover, Flutter includes the Dart SDK, which may send usage metrics and  ║
  ║ crash reports to Google.                                                   ║
  ║                                                                            ║
  ║ Read about data we send with crash reports:                                ║
  ║ https://flutter.dev/to/crash-reporting                                     ║
  ║                                                                            ║
  ║ See Google's privacy policy:                                               ║
  ║ https://policies.google.com/privacy                                        ║
  ║                                                                            ║
  ║ To disable animations in this tool, use                                    ║
  ║ 'flutter config --no-cli-animations'.                                      ║
  ╚════════════════════════════════════════════════════════════════════════════╝

Resolving dependencies...
Downloading packages...
  archive 4.0.9 (4.3.0 available)
  async 2.12.0 (2.13.1 available)
  camera 0.11.2+1 (0.12.1 available)
  camera_android_camerax 0.6.19+1 (0.7.5+1 available)
  camera_avfoundation 0.9.21+2 (0.11.0 available)
  camera_platform_interface 2.12.0 (2.14.0 available)
  camera_web 0.3.5 (0.3.5+6 available)
  characters 1.4.0 (1.4.1 available)
  checked_yaml 2.0.3 (2.0.4 available)
  cli_util 0.4.2 (0.6.0 available)
  clock 1.1.2 (1.1.3 available)
  cross_file 0.3.5 (0.4.0 available)
  dbus 0.7.12 (0.8.0 available)
  fake_async 1.3.2 (1.3.3 available)
  file_picker 8.3.7 (13.1.0 available)
  flutter_lints 4.0.0 (6.0.0 available)
  flutter_local_notifications 19.5.0 (22.3.1 available)
  flutter_local_notifications_linux 6.0.0 (8.0.1 available)
  flutter_local_notifications_platform_interface 9.1.0 (12.2.0 available)
  flutter_local_notifications_windows 1.0.3 (3.1.1 available)
  flutter_native_splash 2.4.6 (2.4.8 available)
  flutter_plugin_android_lifecycle 2.0.31 (2.0.35 available)
  flutter_svg 2.2.2 (2.3.0 available)
  google_fonts 6.1.0 (9.0.0 available)
  google_mlkit_commons 0.8.1 (0.13.0 available)
  google_mlkit_language_id 0.11.1 (0.15.1 available)
  google_mlkit_text_recognition 0.13.1 (0.17.1 available)
  google_mlkit_translation 0.11.1 (0.15.1 available)
  google_mobile_ads 6.0.0 (9.1.0 available)
  image 4.5.4 (4.10.1 available)
  in_app_purchase 3.2.3 (3.3.1 available)
  in_app_purchase_android 0.4.0+5 (0.5.3 available)
  in_app_purchase_platform_interface 1.4.0 (1.4.1 available)
  in_app_purchase_storekit 0.4.4 (0.4.13 available)
  intl 0.19.0 (0.20.3 available)
  json_annotation 4.9.0 (4.12.0 available)
  leak_tracker 10.0.8 (11.0.2 available)
  leak_tracker_flutter_testing 3.0.9 (3.0.10 available)
  leak_tracker_testing 3.0.1 (3.0.2 available)
  lints 4.0.0 (6.1.0 available)
  matcher 0.12.17 (0.12.20 available)
  material_color_utilities 0.11.1 (0.13.1 available)
  meta 1.16.0 (1.19.0 available)
  package_info_plus 8.3.1 (10.2.2 available)
  package_info_plus_platform_interface 3.2.1 (4.1.0 available)
  path_provider 2.1.5 (2.1.6 available)
  path_provider_android 2.2.19 (2.3.1 available)
  path_provider_foundation 2.4.2 (2.6.0 available)
  path_provider_linux 2.2.1 (2.2.2 available)
  path_provider_platform_interface 2.1.2 (2.1.3 available)
  pdf 3.11.3 (3.13.1 available)
  petitparser 6.1.0 (7.1.0 available)
  platform 3.1.6 (3.2.0 available)
  qr 3.0.2 (4.0.0 available)
  share_plus 10.1.4 (13.3.1 available)
  share_plus_platform_interface 5.0.2 (7.2.0 available)
  shared_preferences 2.5.3 (2.5.6 available)
  shared_preferences_android 2.4.13 (2.4.28 available)
  shared_preferences_foundation 2.5.4 (2.5.7 available)
  shared_preferences_platform_interface 2.4.1 (2.4.2 available)
  source_span 1.10.1 (1.10.2 available)
  stack_trace 1.12.1 (1.12.2 available)
  test_api 0.7.4 (0.7.14 available)
  timezone 0.10.1 (0.11.1 available)
  url_launcher 6.3.2 (6.3.3 available)
  url_launcher_android 6.3.20 (6.3.33 available)
  url_launcher_ios 6.3.4 (6.4.2 available)
  url_launcher_linux 3.2.1 (3.2.3 available)
  url_launcher_macos 3.2.3 (3.2.6 available)
  url_launcher_web 2.4.1 (2.4.3 available)
  url_launcher_windows 3.1.4 (3.1.6 available)
  vector_graphics 1.1.19 (1.2.3 available)
  vector_graphics_compiler 1.1.19 (1.3.0 available)
  vector_math 2.1.4 (2.4.3 available)
  vm_service 14.3.1 (15.3.0 available)
  webview_flutter 4.13.0 (4.14.1 available)
  webview_flutter_android 4.10.1 (4.14.1 available)
  webview_flutter_platform_interface 2.14.0 (2.15.1 available)
  webview_flutter_wkwebview 3.23.0 (3.27.0 available)
  win32 5.13.0 (6.4.0 available)
  xml 6.5.0 (7.1.0 available)
Got dependencies!
81 packages have newer versions incompatible with dependency constraints.
Try `flutter pub outdated` for more information.
